// Jest Snapshot v1, https://goo.gl/fbAQLP

exports[`Category Component Render default 1`] = `
<form>
  <mdcard-stub>
    <mdcardcontent-stub>
      <mdfield-stub>
        <label
          for="name"
        >
          Name
        </label>
         
        <mdinput-stub />
      </mdfield-stub>
       
      <mdfield-stub>
        <label
          for="type"
        >
          Type
        </label>
         
        <mdselect-stub>
          <mdoption-stub
            id="type-out"
          >
            
            Saida
          
          </mdoption-stub>
          <mdoption-stub
            id="type-in"
          >
            
            Entrada
          
          </mdoption-stub>
        </mdselect-stub>
      </mdfield-stub>
    </mdcardcontent-stub>
     
    <mdcardactions-stub>
      <mdbutton-stub
        class="md-primary"
        id="save"
      >
        Save
      </mdbutton-stub>
    </mdcardactions-stub>
  </mdcard-stub>
</form>
`;
