// Jest Snapshot v1, https://goo.gl/fbAQLP

exports[`Transaction Component Render default 1`] = `
<form>
  <mdcard-stub>
    <mdcardcontent-stub>
      <mdfield-stub>
        <label
          for="name"
        >
          Name
        </label>
         
        <mdinput-stub />
      </mdfield-stub>
       
      <mdfield-stub>
        <input
          class="md-input"
          id="value"
          type="text"
        />
         
        <mdicon-stub>
          attach_money
        </mdicon-stub>
      </mdfield-stub>
       
      <mddatepicker-stub
        id="transactionDate"
      >
        <label>
          Transaction Day
        </label>
      </mddatepicker-stub>
       
      <mdfield-stub>
        <label
          for="type"
        >
          Type
        </label>
         
        <mdselect-stub>
          <mdoption-stub
            id="type-in"
          >
            In
          </mdoption-stub>
           
          <mdoption-stub
            id="type-out"
          >
            Out
          </mdoption-stub>
        </mdselect-stub>
      </mdfield-stub>
       
      <mdfield-stub>
        <label
          for="AccountId"
        >
          Account
        </label>
         
        <mdselect-stub />
      </mdfield-stub>
       
      <div>
        <mdswitch-stub
          class="md-primary"
        >
          IsPaid?
        </mdswitch-stub>
      </div>
    </mdcardcontent-stub>
     
    <mdcardactions-stub>
      <mdbutton-stub
        class="md-primary"
        id="save"
      >
        Save
      </mdbutton-stub>
    </mdcardactions-stub>
  </mdcard-stub>
</form>
`;
