// Jest Snapshot v1, https://goo.gl/fbAQLP

exports[`Accounts Component Render default 1`] = `
<div
  class="full-height"
>
  <mdtoolbar-stub
    class="toolbar"
  >
    <router-link-stub>
      <mdbutton-stub
        class="md-icon-button"
      >
        <mdicon-stub>
          keyboard_backspace
        </mdicon-stub>
      </mdbutton-stub>
    </router-link-stub>
     
    <h3
      class="md-title"
    >
      Contas
    </h3>
  </mdtoolbar-stub>
   
  <div
    class="content-scroll"
  >
    <mdcontent-stub />
     
    <mdbutton-stub
      class="md-fab md-primary menu-speed"
    >
      <mdicon-stub>
        note_add
      </mdicon-stub>
    </mdbutton-stub>
  </div>
</div>
`;

exports[`Accounts Component Render with accounts 1`] = `
<div
  class="full-height"
>
  <div
    class="md-toolbar toolbar md-theme-default md-elevation-4"
  >
    <a
      class=""
      href="#/settings"
    >
      <button
        class="md-button md-icon-button md-theme-default"
        type="button"
      >
        <div
          class="md-ripple"
        >
          <div
            class="md-button-content"
          >
            <i
              class="md-icon md-icon-font md-theme-default"
            >
              keyboard_backspace
            </i>
          </div>
           
        </div>
      </button>
    </a>
     
    <h3
      class="md-title"
    >
      Contas
    </h3>
  </div>
   
  <div
    class="content-scroll"
  >
    <div
      class="md-content md-theme-default"
    >
      <ul
        class="md-list md-theme-default"
      >
        <li
          class="md-list-item"
          to="/settings/accounts/edit/2"
        >
          <a
            class="md-list-item-router md-list-item-container md-button-clean"
            href="#/settings/accounts/edit/2"
            mdripple="true"
          >
            <div
              class="md-list-item-content md-ripple"
            >
              <span>
                Carteira
              </span>
               
              <i
                class="md-icon md-icon-font md-theme-default"
              >
                account_balance_wallet
              </i>
               
            </div>
          </a>
        </li>
      </ul>
      <ul
        class="md-list md-theme-default"
      >
        <li
          class="md-list-item"
          to="/settings/accounts/edit/1"
        >
          <a
            class="md-list-item-router md-list-item-container md-button-clean"
            href="#/settings/accounts/edit/1"
            mdripple="true"
          >
            <div
              class="md-list-item-content md-ripple"
            >
              <span>
                Banco Inter
              </span>
               
              <i
                class="md-icon md-icon-font md-theme-default"
              >
                account_balance
              </i>
               
            </div>
          </a>
        </li>
      </ul>
    </div>
     
    <a
      class="md-button md-fab md-primary menu-speed md-theme-default"
      href="#/settings/accounts/new"
    >
      <div
        class="md-ripple"
      >
        <div
          class="md-button-content"
        >
          <i
            class="md-icon md-icon-font md-theme-default"
          >
            note_add
          </i>
        </div>
         
      </div>
    </a>
  </div>
</div>
`;
