// Jest Snapshot v1, https://goo.gl/fbAQLP

exports[`CategoryEdit Component Render default 1`] = `
<div
  class="full-height"
>
  <mdtoolbar-stub
    class="toolbar"
  >
    <router-link-stub>
      <mdbutton-stub
        class="md-icon-button"
      >
        <mdicon-stub>
          keyboard_backspace
        </mdicon-stub>
      </mdbutton-stub>
    </router-link-stub>
     
    <h3
      class="md-title"
    >
      Categoria: 
    </h3>
     
    <mdbutton-stub
      class="md-icon-button"
      id="delete"
    >
      <mdicon-stub>
        delete
      </mdicon-stub>
    </mdbutton-stub>
  </mdtoolbar-stub>
   
  <div
    class="content-scroll"
  >
    <!---->
     
    <mddialogconfirm-stub />
  </div>
</div>
`;
