// Jest Snapshot v1, https://goo.gl/fbAQLP

exports[`Toolbar Component Render default 1`] = `
<mdtoolbar-stub>
  <mdbutton-stub
    id="btn-previus-month"
  >
    <mdicon-stub>
      chevron_left
    </mdicon-stub>
     June 18
  
  </mdbutton-stub>
   
  <h3
    class="md-title"
    style="text-align: center;"
  >
    July 18
  </h3>
   
  <mdbutton-stub
    id="btn-next-month"
  >
    <mdicon-stub>
      chevron_right
    </mdicon-stub>
     August 18
  
  </mdbutton-stub>
</mdtoolbar-stub>
`;
