// Jest Snapshot v1, https://goo.gl/fbAQLP

exports[`TransactionList Component Render default 1`] = `
<div
  class="full-height"
>
  <toolbar-stub />
   
  <mdtabs-stub
    id="tabs-type"
  >
    <mdtab-stub />
     
    <mdtab-stub />
  </mdtabs-stub>
   
  <mdtable-stub>
    false
  </mdtable-stub>
   
  <mdbutton-stub
    class="md-fab md-primary menu-speed"
  >
    <mdicon-stub>
      note_add
    </mdicon-stub>
  </mdbutton-stub>
</div>
`;

exports[`TransactionList Component Render with transactions 1`] = `
<div
  class="full-height"
>
  <div
    class="md-toolbar md-theme-default md-elevation-4"
  >
    <button
      class="md-button md-theme-default"
      id="btn-previus-month"
      type="button"
    >
      <div
        class="md-ripple"
      >
        <div
          class="md-button-content"
        >
          <i
            class="md-icon md-icon-font md-theme-default"
          >
            chevron_left
          </i>
           July 18
  
        </div>
         
      </div>
    </button>
     
    <h3
      class="md-title"
      style="text-align: center;"
    >
      August 18
    </h3>
     
    <button
      class="md-button md-theme-default"
      id="btn-next-month"
      type="button"
    >
      <div
        class="md-ripple"
      >
        <div
          class="md-button-content"
        >
          <i
            class="md-icon md-icon-font md-theme-default"
          >
            chevron_right
          </i>
           September 18
  
        </div>
         
      </div>
    </button>
  </div>
   
  <div
    class="md-tabs md-alignment-left md-no-transition md-theme-default"
    id="tabs-type"
  >
    <div
      class="md-tabs-navigation md-elevation-0"
    >
       
      <span
        class="md-tabs-indicator"
      />
    </div>
     
    <div
      class="md-content md-tabs-content md-theme-default"
      style="height: 0px; display: none;"
    >
      <div
        class="md-tabs-container"
      >
        <div
          class="md-tab-stubbed"
          id="tab-in"
          md-label="Entradas"
        />
         
        <div
          class="md-tab-stubbed"
          id="tab-out"
          md-label="Saidas"
        />
      </div>
    </div>
  </div>
   
  <div
    class="md-card md-table md-theme-default"
    md-card=""
  >
     
    <!---->
     
    <!---->
     
    <div
      class="md-content md-table-content md-scrollbar md-theme-default"
    >
      <table>
        <!---->
         
        <tbody>
          <tr
            class="md-table-row"
          >
            <!---->
             
            <th
              class="md-table-head"
            >
              <div
                class="md-table-head-container"
              >
                <div
                  class="md-table-head-label"
                >
                  Data
                </div>
              </div>
            </th>
             
            <th
              class="md-table-head"
            >
              <div
                class="md-table-head-container"
              >
                <div
                  class="md-table-head-label"
                >
                  Nome
                </div>
              </div>
            </th>
             
            <th
              class="md-table-head"
            >
              <div
                class="md-table-head-container"
              >
                <div
                  class="md-table-head-label"
                >
                  Valor
                </div>
              </div>
            </th>
             
            <th
              class="md-table-head"
            >
              <div
                class="md-table-head-container"
              >
                <div
                  class="md-table-head-label"
                >
                  Categoria
                </div>
              </div>
            </th>
             
            <th
              class="md-table-head"
              style="width: 75px;"
            >
              <div
                class="md-table-head-container"
              >
                <div
                  class="md-table-head-label"
                >
                  Pago?
                </div>
              </div>
            </th>
          </tr>
           
          <tr
            class="md-table-row"
            id="transaction-3"
          >
            <!---->
             
            <td
              class="md-table-cell"
            >
              <div
                class="md-table-cell-container"
              >
                07/02
              </div>
            </td>
             
            <td
              class="md-table-cell"
            >
              <div
                class="md-table-cell-container"
              >
                AlmoçoAlmoço 2
              </div>
            </td>
             
            <td
              class="md-table-cell"
            >
              <div
                class="md-table-cell-container"
              >
                15.00
              </div>
            </td>
             
            <td
              class="md-table-cell"
            >
              <div
                class="md-table-cell-container"
              >
                Lanche
              </div>
            </td>
             
            <td
              class="md-table-cell md-table-cell-center"
            >
              <div
                class="md-table-cell-container"
              >
                <i
                  class="md-icon md-icon-font md-theme-default"
                >
                  lens
                </i>
              </div>
            </td>
          </tr>
          <tr
            class="md-table-row"
            id="transaction-2"
          >
            <!---->
             
            <td
              class="md-table-cell"
            >
              <div
                class="md-table-cell-container"
              >
                08/04
              </div>
            </td>
             
            <td
              class="md-table-cell"
            >
              <div
                class="md-table-cell-container"
              >
                Coxinha
              </div>
            </td>
             
            <td
              class="md-table-cell"
            >
              <div
                class="md-table-cell-container"
              >
                3.13
              </div>
            </td>
             
            <td
              class="md-table-cell"
            >
              <div
                class="md-table-cell-container"
              >
                Lanche
              </div>
            </td>
             
            <td
              class="md-table-cell md-table-cell-center"
            >
              <div
                class="md-table-cell-container"
              >
                <i
                  class="md-icon md-icon-font md-theme-default"
                >
                  lens
                </i>
              </div>
            </td>
          </tr>
          <tr
            class="md-table-row"
            id="transaction-1"
          >
            <!---->
             
            <td
              class="md-table-cell"
            >
              <div
                class="md-table-cell-container"
              >
                08/04
              </div>
            </td>
             
            <td
              class="md-table-cell"
            >
              <div
                class="md-table-cell-container"
              >
                Lanche na Sonia
              </div>
            </td>
             
            <td
              class="md-table-cell"
            >
              <div
                class="md-table-cell-container"
              >
                30.90
              </div>
            </td>
             
            <td
              class="md-table-cell"
            >
              <div
                class="md-table-cell-container"
              >
                Lanche
              </div>
            </td>
             
            <td
              class="md-table-cell md-table-cell-center"
            >
              <div
                class="md-table-cell-container"
              >
                <i
                  class="md-icon md-icon-font md-theme-default"
                >
                  check_circle
                </i>
              </div>
            </td>
          </tr>
        </tbody>
      </table>
       
    </div>
     
    <!---->
  </div>
   
  <a
    class="md-button md-fab md-primary menu-speed md-theme-default"
    href="#/transaction-new?type=out"
  >
    <div
      class="md-ripple"
    >
      <div
        class="md-button-content"
      >
        <i
          class="md-icon md-icon-font md-theme-default"
        >
          note_add
        </i>
      </div>
       
    </div>
  </a>
</div>
`;
