// Jest Snapshot v1, https://goo.gl/fbAQLP

exports[`TransactionNew Component Render default 1`] = `
<div
  class="full-height"
>
  <mdtoolbar-stub
    class="toolbar"
  >
    <router-link-stub>
      <mdbutton-stub
        class="md-icon-button"
      >
        <mdicon-stub>
          keyboard_backspace
        </mdicon-stub>
      </mdbutton-stub>
    </router-link-stub>
     
    <h3
      class="md-title"
    >
      Add new Transaction
    </h3>
  </mdtoolbar-stub>
   
  <div
    class="content-scroll"
  >
    <transactionform-stub />
  </div>
</div>
`;
